Thunar
adobe-release-i386
adobe-release-x86_64
alacritty
alsa-plugins-pulseaudio
anaconda
anaconda-install-env-deps
anaconda-live
arandr
autoconf
brightlight
chkconfig
cmake
containerd.io
deepin-screenshot
dex-autostart
docker-ce
docker-ce-cli
dolphin
dracut-live
emoji-picker
fedora-workstation-repositories
feh
flash-plugin
fontconfig-devel
freetype-devel
fzf
gcc-c++
git
gnome-font-viewer
gnome-keyring-pam
google-chrome-stable
i3-gaps
initscripts
kernel-modules-extra
langpacks-en
libobasis7.1-base
libobasis7.1-calc
libobasis7.1-core
libobasis7.1-draw
libobasis7.1-en-US
libobasis7.1-extension-beanshell-script-provider
libobasis7.1-extension-javascript-script-provider
libobasis7.1-extension-mediawiki-publisher
libobasis7.1-extension-nlpsolver
libobasis7.1-extension-pdf-import
libobasis7.1-extension-report-builder
libobasis7.1-firebird
libobasis7.1-gnome-integration
libobasis7.1-graphicfilter
libobasis7.1-images
libobasis7.1-impress
libobasis7.1-kde-integration
libobasis7.1-librelogo
libobasis7.1-libreofficekit-data
libobasis7.1-math
libobasis7.1-ogltrans
libobasis7.1-onlineupdate
libobasis7.1-ooofonts
libobasis7.1-ooolinguistic
libobasis7.1-postgresql-sdbc
libobasis7.1-python-script-provider
libobasis7.1-pyuno
libobasis7.1-writer
libobasis7.1-xsltfilter
libreoffice7.1
libreoffice7.1-base
libreoffice7.1-calc
libreoffice7.1-dict-en
libreoffice7.1-dict-es
libreoffice7.1-dict-fr
libreoffice7.1-draw
libreoffice7.1-en-US
libreoffice7.1-freedesktop-menus
libreoffice7.1-impress
libreoffice7.1-math
libreoffice7.1-ure
libreoffice7.1-writer
libxcb-devel
libxkbcommon-devel
lpf-spotify-client
nautilus
neovim
npm
php
php-mysqlnd
picom
python2.7
redhat-lsb-core
remi-release
rofi
rofimoji
rpmfusion-free-release
rpmfusion-nonfree-release
rpmsphere-release
snapd
spotify-client
system-config-printer
telegram-desktop
terminator
ulauncher
unetbootin
xcompmgr
xinput
xorg-x11-drv-synaptics-legacy
zsh
